06-10 14:37:00.217 W/EmuHWC2 (  191): validate: layer 807 CompositionType 1, fallback
06-10 14:37:00.218 W/EmuHWC2 (  191): No layers, exit, buffer 0x7d5da0ade0
06-10 14:37:00.222 D/EGL_emulation(  525): eglMakeCurrent: 0x70be29a760: ver 3 0 (tinfo 0x70be30e1e0)
06-10 14:37:00.234 W/EmuHWC2 (  191): validate: layer 807 CompositionType 1, fallback
06-10 14:37:00.235 D/EGL_emulation(  525): eglMakeCurrent: 0x70be29a760: ver 3 0 (tinfo 0x70be30e1e0)
06-10 14:37:00.236 W/EmuHWC2 (  191): No layers, exit, buffer 0x7d5da0ae40
06-10 14:37:00.239 D/EGL_emulation(  525): eglMakeCurrent: 0x70be29a760: ver 3 0 (tinfo 0x70be30e1e0)
06-10 14:37:00.251 W/EmuHWC2 (  191): validate: layer 807 CompositionType 1, fallback
06-10 14:37:00.251 D/EGL_emulation(  525): eglMakeCurrent: 0x70be29a760: ver 3 0 (tinfo 0x70be30e1e0)
06-10 14:37:00.252 W/EmuHWC2 (  191): No layers, exit, buffer 0x7d5da0a840
06-10 14:37:00.256 D/EGL_emulation(  525): eglMakeCurrent: 0x70be29a760: ver 3 0 (tinfo 0x70be30e1e0)
06-10 14:37:00.267 W/EmuHWC2 (  191): validate: layer 807 CompositionType 1, fallback
06-10 14:37:00.268 W/EmuHWC2 (  191): No layers, exit, buffer 0x7d5da0ade0
06-10 14:37:00.270 D/EGL_emulation(  525): eglMakeCurrent: 0x70be29a760: ver 3 0 (tinfo 0x70be30e1e0)
06-10 14:37:00.273 D/EGL_emulation(  525): eglMakeCurrent: 0x70be29a760: ver 3 0 (tinfo 0x70be30e1e0)
06-10 14:37:00.279 I/FirebaseApp(27519): Device unlocked: initializing all Firebase APIs for app [DEFAULT]
06-10 14:37:00.281 I/FirebaseCrashlytics(27519): Initializing Firebase Crashlytics 18.2.10 for com.song.gomo
06-10 14:37:00.284 W/EmuHWC2 (  191): validate: layer 807 CompositionType 1, fallback
06-10 14:37:00.284 D/FirebaseCrashlytics(27519): Crashlytics automatic data collection ENABLED by global Firebase setting.
06-10 14:37:00.285 W/EmuHWC2 (  191): No layers, exit, buffer 0x7d5da0ae40
06-10 14:37:00.285 D/FirebaseCrashlytics(27519): AnalyticsConnector now available.
06-10 14:37:00.287 D/EGL_emulation(  525): eglMakeCurrent: 0x70be29a760: ver 3 0 (tinfo 0x70be30e1e0)
06-10 14:37:00.289 D/FirebaseCrashlytics(27519): Registered Firebase Analytics listener.
06-10 14:37:00.290 D/FirebaseCrashlytics(27519): Mapping file ID is: 00000000000000000000000000000000
06-10 14:37:00.293 D/FirebaseCrashlytics(27519): Checking for cached settings...
06-10 14:37:00.293 D/EGL_emulation(  525): eglMakeCurrent: 0x70be29a760: ver 3 0 (tinfo 0x70be30e1e0)
06-10 14:37:00.294 D/FirebaseCrashlytics(27519): Loaded cached settings: {"settings_version":3,"cache_duration":86400,"features":{"collect_logged_exceptions":true,"collect_reports":true,"collect_analytics":false,"prompt_enabled":false,"push_enabled":false,"firebase_crashlytics_enabled":false,"collect_anrs":true,"collect_metric_kit":false},"app":{"status":"activated","update_required":false,"report_upload_variant":2,"native_report_upload_variant":2},"fabric":{"org_id":"62a2e4a05d55663bb0f34454","bundle_id":"com.song.gomo"},"on_demand_upload_rate_per_minute":10,"on_demand_backoff_base":1.2,"on_demand_backoff_step_duration_seconds":60,"expires_at":1654928934016}
06-10 14:37:00.295 D/FirebaseCrashlytics(27519): Crashlytics automatic data collection ENABLED by global Firebase setting.
06-10 14:37:00.299 I/DynamiteModule(27519): Considering local module com.google.android.gms.measurement.dynamite:73 and remote module com.google.android.gms.measurement.dynamite:15
06-10 14:37:00.299 I/DynamiteModule(27519): Selected local version of com.google.android.gms.measurement.dynamite
06-10 14:37:00.301 W/EmuHWC2 (  191): validate: layer 807 CompositionType 1, fallback
06-10 14:37:00.302 W/EmuHWC2 (  191): No layers, exit, buffer 0x7d5da0a840
06-10 14:37:00.302 D/EGL_emulation(  525): eglMakeCurrent: 0x70be29a760: ver 3 0 (tinfo 0x70be30e1e0)
06-10 14:37:00.305 D/EGL_emulation(  525): eglMakeCurrent: 0x70be29a760: ver 3 0 (tinfo 0x70be30e1e0)
06-10 14:37:00.309 D/NetworkSecurityConfig(27519): No Network Security Config specified, using platform default
06-10 14:37:00.315 E/ResolverController(  175): No valid NAT64 prefix (102, <unspecified>/0)
06-10 14:37:00.316 D/FirebaseCrashlytics(27519): Successfully configured exception handler.
06-10 14:37:00.316 D/FirebaseCrashlytics(27519): Opening a new session with ID 62A2E68C012700016B7F230E1522975C
06-10 14:37:00.316 I/FirebaseInitProvider(27519): FirebaseApp initialization successful
06-10 14:37:00.318 W/EmuHWC2 (  191): validate: layer 807 CompositionType 1, fallback
06-10 14:37:00.319 W/EmuHWC2 (  191): No layers, exit, buffer 0x7d5da0ade0
06-10 14:37:00.320 D/WM-WrkMgrInitializer(27519): Initializing WorkManager with default configuration.
06-10 14:37:00.320 D/EGL_emulation(  525): eglMakeCurrent: 0x70be29a760: ver 3 0 (tinfo 0x70be30e1e0)
06-10 14:37:00.323 D/EGL_emulation(  525): eglMakeCurrent: 0x70be29a760: ver 3 0 (tinfo 0x70be30e1e0)
06-10 14:37:00.324 D/TransportRuntime.JobInfoScheduler(27519): Upload for context TransportContext(cct, HIGHEST, MSRodHRwczovL2NyYXNobHl0aWNzcmVwb3J0cy1wYS5nb29nbGVhcGlzLmNvbS92MS9maXJlbG9nL2xlZ2FjeS9iYXRjaGxvZ1xBSXphU3lCcnBTWVQ0RkZMMDlyZUhKaTZIOUZZZGVpU25VVE92Mk0=) is already scheduled. Returning...
06-10 14:37:00.328 D/FirebaseCrashlytics(27519): Registered Firebase Analytics event receiver for breadcrumbs
06-10 14:37:00.334 W/EmuHWC2 (  191): validate: layer 807 CompositionType 1, fallback
06-10 14:37:00.335 W/EmuHWC2 (  191): No layers, exit, buffer 0x7d5da0ae40
06-10 14:37:00.336 D/EGL_emulation(  525): eglMakeCurrent: 0x70be29a760: ver 3 0 (tinfo 0x70be30e1e0)
06-10 14:37:00.339 D/EGL_emulation(  525): eglMakeCurrent: 0x70be29a760: ver 3 0 (tinfo 0x70be30e1e0)
06-10 14:37:00.344 V/FA      (27519): App measurement collection enabled
06-10 14:37:00.344 V/FA      (27519): App measurement enabled for app package, google app id: com.song.gomo, 1:1050786930121:android:f9796e0f6eacf7d7e89c18
06-10 14:37:00.345 I/FA      (27519): App measurement initialized, version: 64000
06-10 14:37:00.345 I/FA      (27519): To enable debug logging run: adb shell setprop log.tag.FA VERBOSE
06-10 14:37:00.345 I/FA      (27519): To enable faster debug mode event logging run:
06-10 14:37:00.345 I/FA      (27519):   adb shell setprop debug.firebase.analytics.app com.song.gomo
06-10 14:37:00.345 D/FA      (27519): Debug-level message logging enabled
06-10 14:37:00.349 E/SurfaceFlinger(  205): ro.sf.lcd_density must be defined as a build property
06-10 14:37:00.350 E/SurfaceFlinger(  205): ro.sf.lcd_density must be defined as a build property
06-10 14:37:00.351 W/EmuHWC2 (  191): validate: layer 807 CompositionType 1, fallback
06-10 14:37:00.352 W/EmuHWC2 (  191): No layers, exit, buffer 0x7d5da0a840
06-10 14:37:00.354 D/EGL_emulation(  525): eglMakeCurrent: 0x70be29a760: ver 3 0 (tinfo 0x70be30e1e0)
06-10 14:37:00.356 D/EGL_emulation(  525): eglMakeCurrent: 0x70be29a760: ver 3 0 (tinfo 0x70be30e1e0)
06-10 14:37:00.357 W/RenderThread(27519): type=1400 audit(0.0:221): avc: denied { write } for name="property_service" dev="tmpfs" ino=7379 scontext=u:r:untrusted_app:s0:c151,c256,c512,c768 tcontext=u:object_r:property_socket:s0 tclass=sock_file permissive=0
06-10 14:37:00.358 D/libEGL  (27519): Emulator has host GPU support, qemu.gles is set to 1.
06-10 14:37:00.358 W/libc    (27519): Unable to set property "qemu.gles" to "1": connection failed; errno=13 (Permission denied)
06-10 14:37:00.367 W/EmuHWC2 (  191): validate: layer 807 CompositionType 1, fallback
06-10 14:37:00.368 W/EmuHWC2 (  191): No layers, exit, buffer 0x7d5da0ade0
06-10 14:37:00.376 D/libEGL  (27519): loaded /vendor/lib64/egl/libEGL_emulation.so
06-10 14:37:00.376 D/libEGL  (27519): loaded /vendor/lib64/egl/libGLESv1_CM_emulation.so
06-10 14:37:00.376 D/libEGL  (27519): loaded /vendor/lib64/egl/libGLESv2_emulation.so
06-10 14:37:00.384 W/EmuHWC2 (  191): validate: layer 807 CompositionType 1, fallback
06-10 14:37:00.386 W/EmuHWC2 (  191): No layers, exit, buffer 0x7d5da0ae40
06-10 14:37:00.388 V/FA      (27519): onActivityCreated
06-10 14:37:00.390 V/FA      (27519): Connecting to remote service
06-10 14:37:00.396 V/FA      (27519): Connection attempt already in progress
06-10 14:37:00.398 V/FA      (27519): Connection attempt already in progress
06-10 14:37:00.434 D/EGL_emulation( 1154): eglMakeCurrent: 0x70b97d8340: ver 3 0 (tinfo 0x70b9a9f880)
06-10 14:37:00.451 E/Layer   (  205): [Surface(name=AppWindowToken{d146109 token=Token{8163210 ActivityRecord{abe16d3 u0 com.google.android.apps.nexuslauncher/.NexusLauncherActivity t58}}})/@0xc17b76f - animation-leash#0] No local sync point found
06-10 14:37:00.451 E/Layer   (  205): [Surface(name=AppWindowToken{d146109 token=Token{8163210 ActivityRecord{abe16d3 u0 com.google.android.apps.nexuslauncher/.NexusLauncherActivity t58}}})/@0xc17b76f - animation-leash#0] No local sync point found
06-10 14:37:00.451 E/Layer   (  205): [Surface(name=AppWindowToken{8970050 token=Token{7243613 ActivityRecord{91f6d02 u0 com.song.gomo/.MainActivity t254}}})/@0xe92d414 - animation-leash#0] No local sync point found
06-10 14:37:00.451 E/Layer   (  205): [Surface(name=AppWindowToken{8970050 token=Token{7243613 ActivityRecord{91f6d02 u0 com.song.gomo/.MainActivity t254}}})/@0xe92d414 - animation-leash#0] No local sync point found
06-10 14:37:00.454 D/hynl    (27519): onViewCreated: HomeFragment
06-10 14:37:00.458 W/com.song.gomo(27519): Accessing hidden method Landroid/view/View;->computeFitSystemWindows(Landroid/graphics/Rect;Landroid/graphics/Rect;)Z (greylist, reflection, allowed)
06-10 14:37:00.458 W/com.song.gomo(27519): Accessing hidden method Landroid/view/ViewGroup;->makeOptionalFitsSystemWindows()V (greylist, reflection, allowed)
06-10 14:37:00.459 W/com.song.gomo(27519): Accessing hidden method Landroid/content/ContextWrapper;->getDisplay()Landroid/view/Display; (greylist, linking, allowed)
06-10 14:37:00.459 D/hynl    (27519): initView destination : Home
06-10 14:37:00.463 D/hynl    (27519): startNext: com.song.gomo.GomoApplication@8f05ea
06-10 14:37:00.464 D/hynl    (27519): initView destination : login
06-10 14:37:00.480 D/hynl    (27519): onViewCreated: LoginFragment
06-10 14:37:00.483 V/FA      (27519): Activity resumed, time: 392812616
06-10 14:37:00.484 E/Layer   (  205): [Surface(name=AppWindowToken{d146109 token=Token{8163210 ActivityRecord{abe16d3 u0 com.google.android.apps.nexuslauncher/.NexusLauncherActivity t58}}})/@0xc17b76f - animation-leash#0] No local sync point found
06-10 14:37:00.484 E/Layer   (  205): [Surface(name=AppWindowToken{8970050 token=Token{7243613 ActivityRecord{91f6d02 u0 com.song.gomo/.MainActivity t254}}})/@0xe92d414 - animation-leash#0] No local sync point found
06-10 14:37:00.485 I/FA      (27519): Tag Manager is not found and thus will not be used
06-10 14:37:00.487 D/EGL_emulation(  697): eglMakeCurrent: 0x70627a9f20: ver 3 0 (tinfo 0x70b96c19a0)
06-10 14:37:00.495 V/FA      (27519): Connection attempt already in progress
06-10 14:37:00.495 W/com.song.gomo(27519): Accessing hidden method Landroid/view/View;->getViewRootImpl()Landroid/view/ViewRootImpl; (greylist, reflection, allowed)
06-10 14:37:00.495 W/com.song.gomo(27519): Accessing hidden field Landroid/view/View$AttachInfo;->mVisibleInsets:Landroid/graphics/Rect; (greylist, reflection, allowed)
06-10 14:37:00.495 W/com.song.gomo(27519): Accessing hidden field Landroid/view/ViewRootImpl;->mAttachInfo:Landroid/view/View$AttachInfo; (greylist, reflection, allowed)
06-10 14:37:00.496 V/FA      (27519): Connection attempt already in progress
06-10 14:37:00.512 D/HostConnection(27519): HostConnection::get() New Host Connection established 0x70b97d7120, tid 27573
06-10 14:37:00.512 D/HostConnection(27519): HostComposition ext ANDROID_EMU_CHECKSUM_HELPER_v1 ANDROID_EMU_native_sync_v2 ANDROID_EMU_native_sync_v3 ANDROID_EMU_native_sync_v4 ANDROID_EMU_dma_v1 ANDROID_EMU_direct_mem ANDROID_EMU_host_composition_v1 ANDROID_EMU_host_composition_v2 ANDROID_EMU_vulkan ANDROID_EMU_deferred_vulkan_commands ANDROID_EMU_vulkan_null_optional_strings ANDROID_EMU_vulkan_create_resources_with_requirements ANDROID_EMU_YUV_Cache ANDROID_EMU_vulkan_ignored_handles ANDROID_EMU_vulkan_free_memory_sync ANDROID_EMU_vulkan_shader_float16_int8 ANDROID_EMU_vulkan_async_queue_submit ANDROID_EMU_sync_buffer_data GL_OES_EGL_image_external_essl3 GL_OES_vertex_array_object GL_KHR_texture_compression_astc_ldr ANDROID_EMU_host_side_tracing ANDROID_EMU_gles_max_version_3_0 
06-10 14:37:00.515 W/OpenGLRenderer(27519): Failed to choose config with EGL_SWAP_BEHAVIOR_PRESERVED, retrying without...
06-10 14:37:00.515 D/EGL_emulation(27519): eglCreateContext: 0x7064860500: maj 3 min 0 rcv 3
06-10 14:37:00.516 D/EGL_emulation(27519): eglMakeCurrent: 0x7064860500: ver 3 0 (tinfo 0x70b96ac380)
06-10 14:37:00.524 D/gralloc_ranchu(  190): gralloc_alloc: Creating ashmem region of size 9592832
06-10 14:37:00.525 I/hwservicemanager(  123): getTransport: Cannot find entry android.hardware.graphics.mapper@3.0::IMapper/default in either framework or device manifest.
06-10 14:37:00.525 W/Gralloc3(27519): mapper 3.x is not supported
06-10 14:37:00.526 D/HostConnection(27519): createUnique: call
06-10 14:37:00.526 D/HostConnection(27519): HostConnection::get() New Host Connection established 0x7064860640, tid 27573
06-10 14:37:00.527 D/HostConnection(27519): HostComposition ext ANDROID_EMU_CHECKSUM_HELPER_v1 ANDROID_EMU_native_sync_v2 ANDROID_EMU_native_sync_v3 ANDROID_EMU_native_sync_v4 ANDROID_EMU_dma_v1 ANDROID_EMU_direct_mem ANDROID_EMU_host_composition_v1 ANDROID_EMU_host_composition_v2 ANDROID_EMU_vulkan ANDROID_EMU_deferred_vulkan_commands ANDROID_EMU_vulkan_null_optional_strings ANDROID_EMU_vulkan_create_resources_with_requirements ANDROID_EMU_YUV_Cache ANDROID_EMU_vulkan_ignored_handles ANDROID_EMU_vulkan_free_memory_sync ANDROID_EMU_vulkan_shader_float16_int8 ANDROID_EMU_vulkan_async_queue_submit ANDROID_EMU_sync_buffer_data GL_OES_EGL_image_external_essl3 GL_OES_vertex_array_object GL_KHR_texture_compression_astc_ldr ANDROID_EMU_host_side_tracing ANDROID_EMU_gles_max_version_3_0 
06-10 14:37:00.527 D/eglCodecCommon(27519): allocate: Ask for block of size 0x1000
06-10 14:37:00.527 D/eglCodecCommon(27519): allocate: ioctl allocate returned offset 0x1ff694000 size 0x8000
06-10 14:37:00.528 D/gralloc_ranchu(  190): gralloc_alloc: Creating ashmem region of size 9592832
06-10 14:37:00.528 D/gralloc_ranchu(  190): gralloc_alloc: Creating ashmem region of size 9592832
06-10 14:37:00.534 D/FA      (27519): Connected to remote service
06-10 14:37:00.534 V/FA      (27519): Processing queued up service tasks: 5
06-10 14:37:00.544 V/FA-SVC  ( 1030): Logging event: origin=clx,name=app_exception(_ae),params=Bundle[{ga_event_origin(_o)=clx, _r=1, engagement_time_msec(_et)=12007, ga_screen_class(_sc)=MainActivity, ga_screen_id(_si)=-5050253244351552443, timestamp=1654843017714, fatal=1}]
06-10 14:37:00.547 V/FA-SVC  ( 1030): Upload scheduled in approximately ms: 5733
06-10 14:37:00.547 V/FA-SVC  ( 1030): Unscheduling upload
06-10 14:37:00.548 V/FA-SVC  ( 1030): Scheduling upload, millis: 5733
06-10 14:37:00.549 V/FA-SVC  ( 1030): Background event processing time, ms: 5
06-10 14:37:00.555 V/FA-SVC  ( 1030): Logging event: origin=auto,name=screen_view(_vs),params=Bundle[{ga_event_origin(_o)=auto, ga_screen_class(_sc)=MainActivity, ga_screen_id(_si)=7382362923333607048}]
06-10 14:37:00.559 V/FA-SVC  ( 1030): Upload scheduled in approximately ms: 5721
06-10 14:37:00.559 V/FA-SVC  ( 1030): Unscheduling upload
06-10 14:37:00.560 V/FA-SVC  ( 1030): Scheduling upload, millis: 5721
06-10 14:37:00.561 V/FA-SVC  ( 1030): Background event processing time, ms: 6
06-10 14:37:00.577 I/gle.android.gm( 1030): Compiler allocated 6087KB to compile void agyg.c(com.google.android.gms.measurement.internal.EventParcel, com.google.android.gms.measurement.internal.AppMetadata)
06-10 14:37:02.476 D/EGL_emulation(27519): eglMakeCurrent: 0x7064860500: ver 3 0 (tinfo 0x70b96ac380)
06-10 14:37:02.508 I/ActivityTaskManager(  378): Displayed com.song.gomo/.MainActivity: +2s613ms
06-10 14:37:02.521 I/PBSessionCacheImpl( 1154): Deleted sessionId[222706860388] from persistence.
06-10 14:37:02.527 W/SearchServiceCore( 1154): Abort, client detached.
06-10 14:37:02.554 W/SurfaceFlinger(  205): couldn't log to binary event log: overflow.
06-10 14:37:02.979 W/putmethod.lati(  730): Reducing the number of considered missed Gc histogram windows from 1738 to 100
06-10 14:37:03.050 W/audio_hw_generic(  181): Not supplying enough data to HAL, expected position 51358543 , only wrote 51125045
06-10 14:37:03.083 W/CCTFlatFileLogStore(  857): Excessive logging: 1024 events, 116736 bytes from log source ANDROID_GSA last 891s
06-10 14:37:03.834 E/WakeLock(  857): NlpWakeLock ** IS FORCE-RELEASED ON TIMEOUT **
06-10 14:37:04.276 E/ActivityThread(  697): Failed to find provider info for com.google.android.apps.wellbeing.api
06-10 14:37:05.588 V/FA      (27519): Inactivity, disconnecting from the service
06-10 14:37:06.286 V/FA-SVC  ( 1030): Unscheduling upload
06-10 14:37:06.292 V/FA-SVC  ( 1030): Starting upload from DelayedRunnable
06-10 14:37:06.298 V/FA-SVC  ( 1030): Checking account type status for ad personalization signals
06-10 14:37:06.305 V/FA-SVC  ( 1030): Saving bundle, size: 530
06-10 14:37:06.310 D/FA-SVC  ( 1030): Uploading events. Elapsed time since last upload attempt (ms): 10014
06-10 14:37:06.312 V/FA-SVC  ( 1030): Uploading data. app, uncompressed size, data: com.song.gomo, 625, 
06-10 14:37:06.312 V/FA-SVC  ( 1030): batch {
06-10 14:37:06.312 V/FA-SVC  ( 1030):   bundle {
06-10 14:37:06.312 V/FA-SVC  ( 1030):     protocol_version: 1
06-10 14:37:06.312 V/FA-SVC  ( 1030):     platform: android
06-10 14:37:06.312 V/FA-SVC  ( 1030):     gmp_version: 64000
06-10 14:37:06.312 V/FA-SVC  ( 1030):     uploading_gmp_version: 202414
06-10 14:37:06.312 V/FA-SVC  ( 1030):     dynamite_version: 73
06-10 14:37:06.312 V/FA-SVC  ( 1030):     config_version: 1654829362116548
06-10 14:37:06.312 V/FA-SVC  ( 1030):     gmp_app_id: 1:1050786930121:android:f9796e0f6eacf7d7e89c18
06-10 14:37:06.312 V/FA-SVC  ( 1030):     admob_app_id: 
06-10 14:37:06.312 V/FA-SVC  ( 1030):     app_id: com.song.gomo
06-10 14:37:06.312 V/FA-SVC  ( 1030):     app_version: 1.0
06-10 14:37:06.312 V/FA-SVC  ( 1030):     app_version_major: 1
06-10 14:37:06.312 V/FA-SVC  ( 1030):     firebase_instance_id: cjgtNmWmSnClODS6dyJ1jl
06-10 14:37:06.312 V/FA-SVC  ( 1030):     dev_cert_hash: -5115794269860810455
06-10 14:37:06.312 V/FA-SVC  ( 1030):     app_store: manual_install
06-10 14:37:06.312 V/FA-SVC  ( 1030):     upload_timestamp_millis: 1654843026294
06-10 14:37:06.312 V/FA-SVC  ( 1030):     start_timestamp_millis: 1654843017776
06-10 14:37:06.312 V/FA-SVC  ( 1030):     end_timestamp_millis: 1654843020485
06-10 14:37:06.312 V/FA-SVC  ( 1030):     previous_bundle_start_timestamp_millis: 1654842527738
06-10 14:37:06.312 V/FA-SVC  ( 1030):     previous_bundle_end_timestamp_millis: 1654843005775
06-10 14:37:06.312 V/FA-SVC  ( 1030):     app_instance_id: 2f1cb4fd340df9f2f00d479079f660bf
06-10 14:37:06.312 V/FA-SVC  ( 1030):     resettable_device_id: 8bd212ab-1772-49fb-b4fb-9510b19a0d69
06-10 14:37:06.312 V/FA-SVC  ( 1030):     device_id: 
06-10 14:37:06.312 V/FA-SVC  ( 1030):     ds_id: 
06-10 14:37:06.312 V/FA-SVC  ( 1030):     limited_ad_tracking: false
06-10 14:37:06.312 V/FA-SVC  ( 1030):     os_version: 10
06-10 14:37:06.312 V/FA-SVC  ( 1030):     device_model: Android SDK built for arm64
06-10 14:37:06.312 V/FA-SVC  ( 1030):     user_default_language: en-us
06-10 14:37:06.312 V/FA-SVC  ( 1030):     time_zone_offset_minutes: 480
06-10 14:37:06.312 V/FA-SVC  ( 1030):     bundle_sequential_index: 3
06-10 14:37:06.312 V/FA-SVC  ( 1030):     service_upload: true
06-10 14:37:06.312 V/FA-SVC  ( 1030):     health_monitor: 
06-10 14:37:06.312 V/FA-SVC  ( 1030):     user_property {
06-10 14:37:06.312 V/FA-SVC  ( 1030):       set_timestamp_millis: 1654842527579
06-10 14:37:06.312 V/FA-SVC  ( 1030):       name: first_open_time(_fot)
06-10 14:37:06.312 V/FA-SVC  ( 1030):       string_value: 
06-10 14:37:06.312 V/FA-SVC  ( 1030):       int_value: 1654844400000
06-10 14:37:06.312 V/FA-SVC  ( 1030):     }
06-10 14:37:06.312 V/FA-SVC  ( 1030):     user_property {
06-10 14:37:06.312 V/FA-SVC  ( 1030):       set_timestamp_millis: 1654842527579
06-10 14:37:06.312 V/FA-SVC  ( 1030):       name: first_open_after_install(_fi)
06-10 14:37:06.312 V/FA-SVC  ( 1030):       string_value: 
06-10 14:37:06.312 V/FA-SVC  ( 1030):       int_value: 0
06-10 14:37:06.312 V/FA-SVC  ( 1030):     }
06-10 14:37:06.312 V/FA-SVC  ( 1030):     user_property {
06-10 14:37:06.312 V/FA-SVC  ( 1030):       set_timestamp_millis: 1654842527738
06-10 14:37:06.312 V/FA-SVC  ( 1030):       name: ga_session_number(_sno)
06-10 14:37:06.312 V/FA-SVC  ( 1030):       string_value: 
06-10 14:37:06.312 V/FA-SVC  ( 1030):       int_value: 1
06-10 14:37:06.312 V/FA-SVC  ( 1030):     }
06-10 14:37:06.312 V/FA-SVC  ( 1030):     user_property {
06-10 14:37:06.312 V/FA-SVC  ( 1030):       set_timestamp_millis: 1654842527738
06-10 14:37:06.312 V/FA-SVC  ( 1030):       name: ga_session_id(_sid)
06-10 14:37:06.312 V/FA-SVC  ( 1030):       string_value: 
06-10 14:37:06.312 V/FA-SVC  ( 1030):       int_value: 1654842527
06-10 14:37:06.312 V/FA-SVC  ( 1030):     }
06-10 14:37:06.312 V/FA-SVC  ( 1030):     user_property {
06-10 14:37:06.312 V/FA-SVC  ( 1030):       set_timestamp_millis: 1654843026298
06-10 14:37:06.312 V/FA-SVC  ( 1030):       name: lifetime_user_engagement(_lte)
06-10 14:37:06.312 V/FA-SVC  ( 1030):       string_value: 
06-10 14:37:06.312 V/FA-SVC  ( 1030):       int_value: 1
06-10 14:37:06.312 V/FA-SVC  ( 1030):     }
06-10 14:37:06.312 V/FA-SVC  ( 1030):     user_property {
06-10 14:37:06.312 V/FA-SVC  ( 1030):       set_timestamp_millis: 1654843026298
06-10 14:37:06.312 V/FA-SVC  ( 1030):       name: session_user_engagement(_se)
06-10 14:37:06.312 V/FA-SVC  ( 1030):       string_value: 
06-10 14:37:06.312 V/FA-SVC  ( 1030):       int_value: 0
06-10 14:37:06.312 V/FA-SVC  ( 1030):     }
06-10 14:37:06.312 V/FA-SVC  ( 1030):     event {
06-10 14:37:06.312 V/FA-SVC  ( 1030):       name: app_exception(_ae)
06-10 14:37:06.312 V/FA-SVC  ( 1030):       timestamp_millis: 1654843017776
06-10 14:37:06.312 V/FA-SVC  ( 1030):       previous_timestamp_millis: 1654842707222
06-10 14:37:06.312 V/FA-SVC  ( 1030):       param {
06-10 14:37:06.312 V/FA-SVC  ( 1030):         name: ga_event_origin(_o)
06-10 14:37:06.312 V/FA-SVC  ( 1030):         string_value: clx
06-10 14:37:06.312 V/FA-SVC  ( 1030):       }
06-10 14:37:06.312 V/FA-SVC  ( 1030):       param {
06-10 14:37:06.312 V/FA-SVC  ( 1030):         name: _r
06-10 14:37:06.312 V/FA-SVC  ( 1030):         int_value: 1
06-10 14:37:06.312 V/FA-SVC  ( 1030):       }
06-10 14:37:06.312 V/FA-SVC  ( 1030):       param {
06-10 14:37:06.312 V/FA-SVC  ( 1030):         name: engagement_time_msec(_et)
06-10 14:37:06.312 V/FA-SVC  ( 1030):         int_value: 12007
06-10 14:37:06.312 V/FA-SVC  ( 1030):       }
06-10 14:37:06.312 V/FA-SVC  ( 1030):       param {
06-10 14:37:06.312 V/FA-SVC  ( 1030):         name: ga_screen_class(_sc)
06-10 14:37:06.312 V/FA-SVC  ( 1030):         string_value: MainActivity
06-10 14:37:06.312 V/FA-SVC  ( 1030):       }
06-10 14:37:06.312 V/FA-SVC  ( 1030):       param {
06-10 14:37:06.312 V/FA-SVC  ( 1030):         name: ga_screen_id(_si)
06-10 14:37:06.312 V/FA-SVC  ( 1030):         int_value: -5050253244351552443
06-10 14:37:06.312 V/FA-SVC  ( 1030):       }
06-10 14:37:06.312 V/FA-SVC  ( 1030):       param {
06-10 14:37:06.312 V/FA-SVC  ( 1030):         name: timestamp
06-10 14:37:06.312 V/FA-SVC  ( 1030):         int_value: 1654843017714
06-10 14:37:06.312 V/FA-SVC  ( 1030):       }
06-10 14:37:06.312 V/FA-SVC  ( 1030):       param {
06-10 14:37:06.312 V/FA-SVC  ( 1030):         name: fatal
06-10 14:37:06.312 V/FA-SVC  ( 1030):         int_value: 1
06-10 14:37:06.312 V/FA-SVC  ( 1030):       }
06-10 14:37:06.312 V/FA-SVC  ( 1030):     }
06-10 14:37:06.312 V/FA-SVC  ( 1030):     event {
06-10 14:37:06.312 V/FA-SVC  ( 1030):       name: screen_view(_vs)
06-10 14:37:06.312 V/FA-SVC  ( 1030):       timestamp_millis: 1654843020485
06-10 14:37:06.312 V/FA-SVC  ( 1030):       previous_timestamp_millis: 1654843005775
06-10 14:37:06.312 V/FA-SVC  ( 1030):       param {
06-10 14:37:06.312 V/FA-SVC  ( 1030):         name: ga_event_origin(_o)
06-10 14:37:06.312 V/FA-SVC  ( 1030):         string_value: auto
06-10 14:37:06.312 V/FA-SVC  ( 1030):       }
06-10 14:37:06.312 V/FA-SVC  ( 1030):       param {
06-10 14:37:06.312 V/FA-SVC  ( 1030):         name: ga_screen_class(_sc)
06-10 14:37:06.312 V/FA-SVC  ( 1030):         string_value: MainActivity
06-10 14:37:06.312 V/FA-SVC  ( 1030):       }
06-10 14:37:06.312 V/FA-SVC  ( 1030):       param {
06-10 14:37:06.312 V/FA-SVC  ( 1030):         name: ga_screen_id(_si)
06-10 14:37:06.312 V/FA-SVC  ( 1030):         int_value: 7382362923333607048
06-10 14:37:06.312 V/FA-SVC  ( 1030):       }
06-10 14:37:06.312 V/FA-SVC  ( 1030):     }
06-10 14:37:06.312 V/FA-SVC  ( 1030):   }
06-10 14:37:06.312 V/FA-SVC  ( 1030): }
06-10 14:37:06.312 V/FA-SVC  ( 1030): Not stopping services. fetch, network, upload: false, true, false
06-10 14:37:06.313 V/FA-SVC  ( 1030): Uploading data. size: 546
06-10 14:37:06.372 D/ProfileInstaller(27519): Installing profile for com.song.gomo
06-10 14:37:06.447 V/FA-SVC  ( 1030): Upload scheduled in approximately ms: 3599997
06-10 14:37:06.447 V/FA-SVC  ( 1030): Unscheduling upload
06-10 14:37:06.451 V/FA-SVC  ( 1030): Scheduling upload, millis: 3599997
06-10 14:37:06.453 V/FA-SVC  ( 1030): Successful upload. Got network response. code, size: 204, 0
06-10 14:37:06.460 V/FA-SVC  ( 1030): Nothing to upload or uploading impossible
06-10 14:37:06.460 V/FA-SVC  ( 1030): Unscheduling upload
06-10 14:37:06.462 V/FA-SVC  ( 1030): Stopping uploading service(s)
06-10 14:37:07.553 I/LogUtils(  857): [Places]: ?: Couldn't find platform key file. [CONTEXT service_id=253 ]
06-10 14:37:07.555 I/LogUtils(  857): [Places]: ?: Couldn't find platform key file. [CONTEXT service_id=253 ]
06-10 14:37:07.558 I/LogUtils(  857): [Places]: ?: PlacesBleScanner stop() [CONTEXT service_id=253 ]
06-10 14:37:07.558 I/BeaconBle(  857): Scan : No clients left, canceling alarm. [CONTEXT service_id=111 ]
06-10 14:37:07.558 I/BeaconBle(  857): Scan canceled successfully. [CONTEXT service_id=111 ]
06-10 14:37:07.560 I/PlacesLogger(  857): [PlaceInferenceEngine]: [anon] Changed inference mode: 0 [CONTEXT service_id=253 ]
06-10 14:37:07.563 I/LogUtils(  857): [Places]: ?: Couldn't find platform key file. [CONTEXT service_id=253 ]
06-10 14:37:07.563 I/LogUtils(  857): [Places]: ?: Couldn't find platform key file. [CONTEXT service_id=253 ]
06-10 14:37:07.566 W/GCoreFlp(  857): No location to return for getLastLocation()
06-10 14:37:07.575 I/GeofencerStateMachine(  857): removeGeofences: removeRequest=RemoveGeofencingRequest[REMOVE_BY_PENDING_INTENT pendingIntent=PendingIntent[creatorPackage=com.google.android.gms], packageName=com.google.android.gms]
06-10 14:37:08.147 W/MessageQueue(  857): Handler (aekz) {4d97cd8} sending message to a Handler on a dead thread
06-10 14:37:08.147 W/MessageQueue(  857): java.lang.IllegalStateException: Handler (aekz) {4d97cd8} sending message to a Handler on a dead thread
06-10 14:37:08.147 W/MessageQueue(  857): 	at android.os.MessageQueue.enqueueMessage(MessageQueue.java:558)
06-10 14:37:08.147 W/MessageQueue(  857): 	at android.os.Handler.enqueueMessage(Handler.java:754)
06-10 14:37:08.147 W/MessageQueue(  857): 	at android.os.Handler.sendMessageAtTime(Handler.java:703)
06-10 14:37:08.147 W/MessageQueue(  857): 	at aekz.sendMessageAtTime(:com.google.android.gms@202414019@20.24.14 (040400-319035315):0)
06-10 14:37:08.147 W/MessageQueue(  857): 	at android.os.Handler.sendMessageDelayed(Handler.java:673)
06-10 14:37:08.147 W/MessageQueue(  857): 	at android.os.Handler.post(Handler.java:403)
06-10 14:37:08.147 W/MessageQueue(  857): 	at bjvu.a(:com.google.android.gms@202414019@20.24.14 (040400-319035315):0)
06-10 14:37:08.147 W/MessageQueue(  857): 	at bjvu.run(:com.google.android.gms@202414019@20.24.14 (040400-319035315):4)
06-10 14:37:08.147 W/MessageQueue(  857): 	at soy.b(:com.google.android.gms@202414019@20.24.14 (040400-319035315):12)
06-10 14:37:08.147 W/MessageQueue(  857): 	at soy.run(:com.google.android.gms@202414019@20.24.14 (040400-319035315):7)
06-10 14:37:08.147 W/MessageQueue(  857): 	at java.util.concurrent.ThreadPoolExecutor.runWorker(ThreadPoolExecutor.java:1167)
06-10 14:37:08.147 W/MessageQueue(  857): 	at java.util.concurrent.ThreadPoolExecutor$Worker.run(ThreadPoolExecutor.java:641)
06-10 14:37:08.147 W/MessageQueue(  857): 	at sux.run(:com.google.android.gms@202414019@20.24.14 (040400-319035315):0)
06-10 14:37:08.147 W/MessageQueue(  857): 	at java.lang.Thread.run(Thread.java:919)
06-10 14:37:10.054 D/WificondControl(  378): Scan result ready event
06-10 14:37:10.347 E/ResolverController(  175): No valid NAT64 prefix (102, <unspecified>/0)
06-10 14:37:10.538 E/memtrack(  378): Couldn't load memtrack module
06-10 14:37:10.538 W/android.os.Debug(  378): failed to get memory consumption info: -1
06-10 14:37:10.720 W/WindowManager(  378): removeWindowToken: Attempted to remove non-existing token: android.os.Binder@3e78e58
